python : C:\Users\Fab2\AppData\Local\Programs\Python\Python312\Lib\site-packages\pytest_asyncio\plugin.py:247: PytestDeprecationWarning: The configuration option 
"asyncio_default_fixture_loop_scope" is unset.
At line:1 char:13
+ cd backend; python -m pytest > ..\pytest_output.txt 2>&1
+             ~~~~~~~~~~~~~~~~~~~~~~~~~~~~~~~~~~~~~~~~~~~~
    + CategoryInfo          : NotSpecified: (C:\Users\Fab2\A...cope" is unset.:String) [], RemoteException
    + FullyQualifiedErrorId : NativeCommandError
 
The event loop scope for asynchronous fixtures will default to the fixture caching scope. Future versions of pytest-asyncio will default the loop scope for asynchronous fixtures to 
function scope. Set the default fixture loop scope explicitly in order to avoid unexpected behavior in the future. Valid fixture loop scopes are: "function", "class", "module", 
"package", "session"

  warnings.warn(PytestDeprecationWarning(_DEFAULT_FIXTURE_LOOP_SCOPE_UNSET))
============================= test session starts =============================
platform win32 -- Python 3.12.3, pytest-8.3.2, pluggy-1.6.0
rootdir: C:\Users\Fab2\Desktop\AI\_plasticFlower\backend
configfile: pyproject.toml
plugins: anyio-4.12.0, asyncio-1.3.0, cov-7.0.0, mock-3.15.1
asyncio: mode=Mode.STRICT, debug=False, asyncio_default_fixture_loop_scope=None, asyncio_default_test_loop_scope=function
collected 8 items / 5 errors

=================================== ERRORS ====================================
________________ ERROR collecting tests/test_builder_agent.py _________________
ImportError while importing test module 'C:\Users\Fab2\Desktop\AI\_plasticFlower\backend\tests\test_builder_agent.py'.
Hint: make sure your test modules/packages have valid Python names.
Traceback:
..\..\..\..\AppData\Local\Programs\Python\Python312\Lib\importlib\__init__.py:90: in import_module
    return _bootstrap._gcd_import(name[level:], package, level)
tests\test_builder_agent.py:8: in <module>
    from backend.app.agents import BuilderAgent, BuilderAgentError
E   ModuleNotFoundError: No module named 'backend'
_______________ ERROR collecting tests/test_builder_service.py ________________
ImportError while importing test module 'C:\Users\Fab2\Desktop\AI\_plasticFlower\backend\tests\test_builder_service.py'.
Hint: make sure your test modules/packages have valid Python names.
Traceback:
..\..\..\..\AppData\Local\Programs\Python\Python312\Lib\importlib\__init__.py:90: in import_module
    return _bootstrap._gcd_import(name[level:], package, level)
tests\test_builder_service.py:10: in <module>
    from backend.app.models import Node, NodeStatus, TranscriptChunk
E   ModuleNotFoundError: No module named 'backend'
___________________ ERROR collecting tests/test_graph_db.py ___________________
ImportError while importing test module 'C:\Users\Fab2\Desktop\AI\_plasticFlower\backend\tests\test_graph_db.py'.
Hint: make sure your test modules/packages have valid Python names.
Traceback:
..\..\..\..\AppData\Local\Programs\Python\Python312\Lib\importlib\__init__.py:90: in import_module
    return _bootstrap._gcd_import(name[level:], package, level)
tests\test_graph_db.py:7: in <module>
    from backend.app.models import Node, NodeStatus, Relationship, RelationshipCategory, RelationshipSource
E   ModuleNotFoundError: No module named 'backend'
_____________________ ERROR collecting tests/test_llm.py ______________________
ImportError while importing test module 'C:\Users\Fab2\Desktop\AI\_plasticFlower\backend\tests\test_llm.py'.
Hint: make sure your test modules/packages have valid Python names.
Traceback:
..\..\..\..\AppData\Local\Programs\Python\Python312\Lib\importlib\__init__.py:90: in import_module
    return _bootstrap._gcd_import(name[level:], package, level)
tests\test_llm.py:8: in <module>
    from backend.app.services import llm
E   ModuleNotFoundError: No module named 'backend'
__________________ ERROR collecting tests/test_similarity.py __________________
ImportError while importing test module 'C:\Users\Fab2\Desktop\AI\_plasticFlower\backend\tests\test_similarity.py'.
Hint: make sure your test modules/packages have valid Python names.
Traceback:
..\..\..\..\AppData\Local\Programs\Python\Python312\Lib\importlib\__init__.py:90: in import_module
    return _bootstrap._gcd_import(name[level:], package, level)
tests\test_similarity.py:7: in <module>
    from backend.app.models import Node, NodeStatus
E   ModuleNotFoundError: No module named 'backend'
============================== warnings summary ===============================
..\..\..\..\AppData\Local\Programs\Python\Python312\Lib\site-packages\starlette\formparsers.py:12
  C:\Users\Fab2\AppData\Local\Programs\Python\Python312\Lib\site-packages\starlette\formparsers.py:12: PendingDeprecationWarning: Please use `import python_multipart` instead.
    import multipart

-- Docs: https://docs.pytest.org/en/stable/how-to/capture-warnings.html
=========================== short test summary info ===========================
ERROR tests/test_builder_agent.py
ERROR tests/test_builder_service.py
ERROR tests/test_graph_db.py
ERROR tests/test_llm.py
ERROR tests/test_similarity.py
!!!!!!!!!!!!!!!!!!! Interrupted: 5 errors during collection !!!!!!!!!!!!!!!!!!!
======================== 1 warning, 5 errors in 2.39s =========================
